// Jest Snapshot v1, https://goo.gl/fbAQLP

exports[`<LogsScreen /> Events and props test in LogsScreen 1`] = `ShallowWrapper {}`;
