// Jest Snapshot v1, https://goo.gl/fbAQLP

exports[`<SettingsScreen /> Events and props test in SettingsScreen 1`] = `ShallowWrapper {}`;
