// Jest Snapshot v1, https://goo.gl/fbAQLP

exports[`<Splashscreen /> Events and props test in Splashscreen 1`] = `ReactWrapper {}`;
