// Jest Snapshot v1, https://goo.gl/fbAQLP

exports[`<SupplierContactScreen /> Events and props test in SupplierContactScreen 1`] = `ReactWrapper {}`;
