// Jest Snapshot v1, https://goo.gl/fbAQLP

exports[`<Button View/> renders correctly 1`] = `
<Text
  style={
    Object {
      "backgroundColor": "transparent",
      "color": "#29aaf4",
    }
  }
/>
`;
