// Jest Snapshot v1, https://goo.gl/fbAQLP

exports[`<Splash scrren/> rendering renders correctly 1`] = `
<View
  style={
    Object {
      "alignItems": "center",
      "backgroundColor": "#b8ced6",
      "flex": 1,
      "justifyContent": "center",
    }
  }
>
  <View>
    <Text
      style={
        Object {
          "color": "white",
          "fontSize": 40,
          "fontWeight": "bold",
        }
      }
    >
      IMS
    </Text>
  </View>
  <View
    style={
      Object {
        "height": "50%",
        "width": "80%",
      }
    }
  >
    <Image
      source={
        Object {
          "testUri": "../../../assets/image.png",
        }
      }
    />
  </View>
</View>
`;
